Kotlin codegen patterns on the request path, by artifact
  ktor 3.5.2, kotlin 2.4.20, coroutines 1.11.0, serialization 1.11.0, exposed 1.4.0
  artifacts: 26

classes read: 6705 in 25 artifacts

artifact                                       classes boxed vc $default   capt λ single λ    eager      seq  deleg f deleg gv null-chk
kotlin-stdlib-2.4.20.jar                           994     1061      109       17       18      795      184        3        4     9272
exposed-core-1.4.0.jar                             522       40      299        0       11      406        0       56       58     3308
ktor-server-core-jvm-3.5.2.jar                     477        0      186       93       15      165       14       31       17     1332
ktor-http-jvm-3.5.2.jar                            236        0      146       14       18      165        6       14       26      673
kotlinx-serialization-core-jvm-1.11.0.jar          228       36       65        2        2       43        0        9        9      866
exposed-jdbc-1.4.0.jar                             116        0       34       12        2      119        3       27       32      591
ktor-utils-jvm-3.5.2.jar                           214        2       56       16        2       62        9        2       11      649
kotlinx-serialization-json-jvm-1.11.0.jar          137        1      145        1        3       11        1        1        1      527
kotlinx-coroutines-core-jvm-1.11.0.jar             868       32      197      103       29       37       19        0        0      170
ktor-io-jvm-3.5.2.jar                              203        5       71       13        3        1        0        0        0      299
ktor-server-netty-jvm-3.5.2.jar                     75        1       40        9        1       17        0       10       10      275
ktor-serialization-kotlinx-jvm-3.5.2.jar            14        0        7        1        0        5        2        0        0       21
ktor-server-content-negotiation-jvm-3.5.2.jar       18        0        2        4        1        8        0        0        0       17
ktor-serialization-kotlinx-json-jvm-3.5.2.jar       15        0        8        3        0        0        0        0        0       18
ktor-serialization-jvm-3.5.2.jar                    17        0        1        1        0        0        0        0        0       12
ktor-events-jvm-3.5.2.jar                            4        0        0        0        0        0        0        0        0       12
HikariCP-7.0.2.jar                                  81        0        0        0        0        0        0        0        0        0
postgresql-42.7.13.jar                             488        0        0        0        0        0        0        0        0        0
netty-common-4.2.16.Final.jar                      599        0        0        0        0        0        0        0        0        0
netty-buffer-4.2.16.Final.jar                      175        0        0        0        0        0        0        0        0        0
netty-transport-4.2.16.Final.jar                   388        0        0        0        0        0        0        0        0        0
netty-codec-base-4.2.16.Final.jar                   96        0        0        0        0        0        0        0        0        0
netty-codec-http-4.2.16.Final.jar                  380        0        0        0        0        0        0        0        0        0
netty-handler-4.2.16.Final.jar                     338        0        0        0        0        0        0        0        0        0
netty-resolver-4.2.16.Final.jar                     22        0        0        0        0        0        0        0        0        0
TOTAL                                             6705     1178     1366      289      105     1834      238      153      168    18042
